[28/05/2026 19:39:16] [carre] [[Diagnostic]] [Bloc système terminé en 318 ms]
[28/05/2026 19:39:16] [carre] [[Diagnostic]] [Bloc système terminé en 288 ms]
[28/05/2026 19:39:16] [carre] [[Diagnostic]] [Bloc système terminé en 283 ms]
[28/05/2026 19:39:17] [carre] [[Diagnostic]] [Bloc système terminé en 282 ms]
[28/05/2026 19:39:19] [carre] [[Diagnostic]] [Bloc système terminé en 287 ms]
[28/05/2026 19:39:19] [carre] [Test connexion Internet] [OK]
[28/05/2026 19:39:19] [carre] [[Diagnostic]] [Bloc réseau terminé en 44 ms]
[28/05/2026 19:39:19] [carre] [[Diagnostic]] [Bloc système terminé en 283 ms]
[28/05/2026 19:39:21] [carre] [[Action]] [Réparer l'accès aux sites web démarrée]
[28/05/2026 19:39:22] [carre] [Réparer l'accès aux sites web] [OK]
[28/05/2026 19:39:22] [carre] [[Action]] [Réparer l'accès aux sites web succès en 39 ms] [
Configuration IP de Windows

Cache de résolution DNS vidé.
]
[28/05/2026 19:39:23] [carre] [[Admin]] [Réparer l'impression demandee sans droits administrateur]
[28/05/2026 19:39:23] [carre] [[Admin]] [Relance administrateur proposee pour Réparer l'impression]
[28/05/2026 19:39:24] [carre] [[Admin]] [Relance administrateur demandee : C:\Users\carre\OneDrive\Desktop\Carrezance\Carrezance.Support\Carrezance.Support.App\bin\Release\net8.0-windows\win-x64\publish\Carrezance Support.exe]
[28/05/2026 19:39:26] [carre] [[Admin]] [Relance administrateur lancee avec succes]
[28/05/2026 19:39:27] [carre] [[Diagnostic]] [Bloc système terminé en 317 ms]
[28/05/2026 19:39:27] [carre] [[Diagnostic]] [Bloc système terminé en 291 ms]
[28/05/2026 19:39:27] [carre] [[Diagnostic]] [Bloc système terminé en 280 ms]
[28/05/2026 19:39:28] [carre] [[Diagnostic]] [Bloc système terminé en 278 ms]
[28/05/2026 19:39:31] [carre] [[Action]] [Fermer Outlook bloqué démarrée]
[28/05/2026 19:39:31] [carre] [[Action]] [Fermer Outlook bloqué : aucun processus Outlook en cours d'exécution en 8 ms]
[28/05/2026 19:39:33] [carre] [[Action]] [Nettoyage simple démarrée]
[28/05/2026 19:39:33] [carre] [[Action]] [Nettoyage TEMP terminé : 0 fichiers supprimés, 0 dossiers supprimés, 0 octet libérés, 0 éléments ignorés, 30 erreurs ignorées]
[28/05/2026 19:39:35] [carre] [[Action]] [Réparer l'accès aux sites web démarrée]
[28/05/2026 19:39:35] [carre] [Réparer l'accès aux sites web] [OK]
[28/05/2026 19:39:35] [carre] [[Action]] [Réparer l'accès aux sites web succès en 37 ms] [
Configuration IP de Windows

Cache de résolution DNS vidé.
]
[28/05/2026 19:39:37] [carre] [AppDomain.UnhandledException] [Information] Exception native ignorée pendant la fermeture de l'application.
